components/portfolio/sections/ProjectsSection.tsx(52,19): error TS2322: Type '{ children: string; variant: "cyan"; size: string; onClick: () => void; className: string; }' is not assignable to type 'IntrinsicAttributes & NeonButtonProps'.
  Property 'size' does not exist on type 'IntrinsicAttributes & NeonButtonProps'.
components/portfolio/sections/ProjectsSection.tsx(59,46): error TS2322: Type '{ children: Element; variant: "blue"; size: string; asChild: true; }' is not assignable to type 'IntrinsicAttributes & NeonButtonProps'.
  Property 'size' does not exist on type 'IntrinsicAttributes & NeonButtonProps'.
components/portfolio/sections/ProjectsSection.tsx(66,49): error TS2322: Type '{ children: Element; variant: "magenta"; size: string; asChild: true; }' is not assignable to type 'IntrinsicAttributes & NeonButtonProps'.
  Property 'size' does not exist on type 'IntrinsicAttributes & NeonButtonProps'.
components/portfolio/sections/ResumeSection.tsx(28,38): error TS2322: Type '{ children: (string | Element)[]; variant: "cyan"; size: string; className: string; }' is not assignable to type 'IntrinsicAttributes & NeonButtonProps'.
  Property 'size' does not exist on type 'IntrinsicAttributes & NeonButtonProps'.
